---
source: workflow/deployer-workflow/src/toml.rs
expression: server_toml
---
[database.sqlite]
directory = "/volume/obelisk-sqlite"

[database.sqlite.pragma]
cache_size = "3000"

[[http_server]]
listening_addr = "[::]:9091"
name = "healthcheck_server"

[log.file]
directory = "/var/log"
enabled = true
prefix = "obelisk.log"
target = true

[[outbound_http.allowed_host]]
methods = "*"
pattern = "*://*:*"

[wasm]
cache_directory = "/volume/wasm"
parallel_compilation = false

[wasm.codegen_cache]
directory = "/volume/codegen"
