---
source: workflow/deployer-workflow/src/toml.rs
expression: toml
---
[[activity_wasm]]
env_vars = ["OPENAI_API_KEY"]
location = "oci://docker.io/getobelisk/demo_stargazers_activity_llm_openai:2025-09-28@sha256:4b10a66c80bec625a6b0a2e8a4b5192f8a2356eca19c0a6705335771a8b8b1e8"
name = "stargazers_activity_llm_chatgpt"

[activity_wasm.exec.lock_expiry]
seconds = 10

[[activity_wasm]]
env_vars = ["GITHUB_TOKEN"]
location = "oci://docker.io/getobelisk/demo_stargazers_activity_github_impl:2025-09-28@sha256:8f6fc9b1379b359e085998fa2fd7c966c450327d09770807dfba4b2f75731d72"
name = "stargazers_activity_github_impl"

[activity_wasm.exec.lock_expiry]
seconds = 5

[[activity_wasm]]
env_vars = [
    "TURSO_TOKEN",
    "TURSO_LOCATION",
]
location = "oci://docker.io/getobelisk/demo_stargazers_activity_db_turso:2025-09-28@sha256:26b08b3d0c6e430944d8187a00bd9817a83ab89e11ba72d15e7533a758addf33"
max_retries = 9
name = "stargazers_activity_db_turso"

[activity_wasm.exec.lock_expiry]
seconds = 5

[api]
listening_addr = "[::]:5005"

[database.sqlite]
directory = "/volume/obelisk-sqlite"

[database.sqlite.pragma]
cache_size = "3000"

[[http_server]]
listening_addr = "0.0.0.0:9091"
name = "healthcheck_server"

[[http_server]]
listening_addr = "0.0.0.0:9090"
name = "webhook_server"

[log.file]
directory = "/var/log"
enabled = true
prefix = "obelisk.log"
target = true

[wasm]
cache_directory = "/volume/wasm"
parallel_compilation = false

[wasm.backtrace]
persist = false

[wasm.codegen_cache]
directory = "/volume/codegen"

[[webhook_endpoint]]
http_server = "healthcheck_server"
location = "oci://docker.io/getobelisk/components_flyio_webhook_healthcheck:2026-01-13@sha256:c5cdf4eeef0863a4bb66b067b525111c84be1772ff849872d026fe4c5cbaa408"
name = "webhook_healthcheck"
routes = [""]

[[webhook_endpoint]]
env_vars = ["GITHUB_WEBHOOK_SECRET"]
http_server = "webhook_server"
location = "oci://docker.io/getobelisk/demo_stargazers_webhook:2025-09-28@sha256:aa4dfa18d1ad7c1623163eeabb41a415ebad5296fca8f3b957987afcdb2a0f40"
name = "stargazers_webhook"

[[webhook_endpoint.routes]]
methods = [
    "POST",
    "GET",
]
route = ""

[webui]
listening_addr = "[::]:8080"

[[workflow]]
location = "oci://docker.io/getobelisk/demo_stargazers_workflow:2025-09-28@sha256:678d85e3e2f89d22794fd1ffc0217bf23510e1349ee150a54d5c82cc2ef75834"
name = "stargazers_workflow"
